// Jest Snapshot v1, https://goo.gl/fbAQLP

exports[`MWIcon.vue matches the snapshot with an HTML element passed as slot 1`] = `
<span
  class="mw-ui-icon notranslate"
>
  <svg
    aria-hidden="true"
    aria-labelledby="trash"
    height="24"
    role="presentation"
    viewBox="0 0 24 24"
    width="48"
    xmlns="http://www.w3.org/2000/svg"
  >
    <title
      id="trash"
    >
      trash
    </title>
     
    <g
      fill="#ddd"
    >
      <path
        d="M17 2h-3.5l-1-1h-5l-1 1H3v2h14zM4 17a2 2 0 0 0 2 2h8a2 2 0 0 0 2-2V5H4z"
      />
    </g>
  </svg>
</span>
`;
