// Jest Snapshot v1, https://goo.gl/fbAQLP

exports[`MWDialog.vue renders dialog with given properties 1`] = `
<transition-stub
  name="mw-ui-dialog-slide-left"
>
  <div
    aria-fullscreen="true"
    class="mw-ui-dialog mw-ui-dialog"
    role="dialog"
    tabindex="0"
  >
    <div
      class="mw-ui-dialog__overlay"
    />
     
    <div
      class="mw-ui-dialog__shell items-stretch"
    >
      <div
        class="mw-ui-dialog__header row "
      >
        <div
          class="col-11 items-center mw-ui-dialog__header-title justify-start"
        >
          Dialog Title
        </div>
         
        <div
          class="col-1 justify-center"
        >
          <mw-button-stub
            icon="M4.34 2.93l12.73 12.73-1.41 1.41L2.93 4.35z M17.07 4.34L4.34 17.07l-1.41-1.41L15.66 2.93z"
            type="icon"
          />
        </div>
      </div>
       
      <mw-divider-stub />
       
      <div
        class="mw-ui-dialog__body"
      />
       
    </div>
  </div>
</transition-stub>
`;
